MAP
  IMAGETYPE JPEG
  EXTENT -125.817514 28.649011  -88.417199 36.901181
  SIZE 1024 1024
  IMAGECOLOR 255 255 255
  NAME 'MBARI STOQS'
  UNITS dd
  CONFIG "MS_ERRORFILE" stderr
  DEBUG 1
  WEB
    IMAGEPATH "{{ imagepath }}"
    METADATA
          "ows_enable_request"   "*"
          "wfs_title"       "{{ wfs_title }}"
          "wfs_onlineresource"   "http://{{ mapserver_host }}/cgi-bin/mapserv?map={{ mappath }}&" 
          "wfs_srs"         "EPSG:4326 EPSG:3857 "  
          "wfs_abstract"    "MBARI STOQS"
          "wfs_enable_request" "GetMap GetFeature GetFeatureInfo"
          "wms_title"       "MBARI_STOQS"
          "wms_onlineresource"   "http://{{ mapserver_host }}/cgi-bin/mapserv?map={{ mappath }}&" 
          "wms_srs"         "EPSG:4326 EPSG:3857 "  
          "wms_abstract"    "MBARI STOQS"
          "wms_feature_info_mime_type" "text/html"
          "wms_enable_request" "GetMap GetFeature GetFeatureInfo"
    END # METADATA
  END # WEB
  PROJECTION
    "init=epsg:4326"
  END # PROJECTION

  SYMBOL
    NAME "circle"
    TYPE ellipse 
    POINTS
      1 1
    END # POINTS
    FILLED true
  END # SYMBOL

  # Union layer needs to have an empty CLASS section for it to draw the connected layer
  {% if trajectory_union_layer_string %}
  LAYER
    NAME "trajectories"
    TYPE line
    STATUS off
    TEMPLATE fooOnlyForWMSGetFeatureInfo
    CONNECTIONTYPE UNION
    CONNECTION "{{ trajectory_union_layer_string|safe }}"
    STYLEITEM "AUTO"
    CLASS
    END
    PROJECTION
      "init=epsg:4326"
    END # PROJECTION
  END # LAYER
  {% endif %}
  # Union layer needs to have an empty CLASS section for it to draw the connected layer
  {% if station_union_layer_string %}
  LAYER
    NAME "timeSeries"
    TYPE point
    STATUS off
    TEMPLATE fooOnlyForWMSGetFeatureInfo
    CONNECTIONTYPE UNION
    CONNECTION "{{ station_union_layer_string|safe }}"
    STYLEITEM "AUTO"
    CLASS
    END
    PROJECTION
      "init=epsg:4326"
    END # PROJECTION
  END # LAYER
  {% endif %}
  {% for item in list %}
  {% if item.geo_query %}
  LAYER
    NAME "{{ item.name }}"
    TYPE {{ item.type }}
    DUMP true
    CONNECTIONTYPE POSTGIS
    CONNECTION "host={{ dbconn.HOST }} port={{ dbconn.PORT }} user={{ dbconn.USER }} password={{ dbconn.PASSWORD }} dbname={{ dbconn.NAME }}"
    DATA "{{ item.geo_query|safe }}"
    ##DEBUG 2
    METADATA
       "ows_title"     "{{ item.name }}"    # Short description
    END # METADATA
    STATUS off
    PROJECTION
      "init=epsg:4326"
    END # PROJECTION
    ##TEMPLATE "{{ STATIC_ROOT }}/wfs/sample_points_data.html"
    ##HEADER "{{ STATIC_ROOT }}/wfs/sample_points_header.html"
    ##FOOTER "{{ STATIC_ROOT }}/wfs/sample_points_footer.html"
    CLASS
      NAME "{{ item.name }}"
      STYLE
        COLOR {{ item.color|safe }}
        {{ item.extra_style|safe }}
      END # STYLE
    END # CLASS
  END # LAYER
  {% endif %}
  {% endfor %}

END # MAP

