MAP
  IMAGETYPE PNG24
  EXTENT -125.817514 28.649011  -88.417199 36.901181
  SIZE 1024 1024
  IMAGECOLOR 255 255 255
  NAME 'MBARI STOQS'
  UNITS dd
  CONFIG "MS_ERRORFILE" "/tmp/mapserver_stoqshg.log"
  ##CONFIG "PROJ_LIB" "/usr/local/Proj4/share/proj"
  WEB
    IMAGEPATH "/tmp"
    METADATA
          "wfs_title"       "{{ wfs_title }}"
          "wfs_onlineresource"   "http://{{ mapserver_host }}/cgi-bin/mapserv?map={{ mappath }}&" 
          "wfs_srs"         "EPSG:4326 EPSG:900913 "  
          "wfs_abstract"    "MBARI STOQS"
          "wms_title"       "MBARI_STOQS"
          "wms_onlineresource"   "http://{{ mapserver_host }}/cgi-bin/mapserv?map={{ mappath }}&" 
          "wms_srs"         "EPSG:4326 EPSG:900913 "  
          "wms_abstract"    "MBARI STOQS"
          "wms_feature_info_mime_type" "text/html"
          "wms_enable_request" "GetMap GetFeatureInfo"
        END # METADATA
  END # WEB
  PROJECTION
    "init=epsg:4326"
  END # PROJECTION
  {% for p in parameter_list %}
  LAYER
    CONNECTIONTYPE POSTGIS
    CONNECTION "host={{ dbconn.HOST }} port={{ dbconn.PORT }} user={{ dbconn.USER }} password={{ dbconn.PASSWORD }} dbname={{ dbconn.NAME }}"
    DATA "geom from (select a.maptrack as geom, a.id as aid, p.id as pid
                from stoqs_activity a
		inner join stoqs_activityparameter ap on (a.id = ap.activity_id)
		inner join stoqs_parameter p on (ap.parameter_id = p.id) 
                order by p.name)
          as subquery using unique aid using srid=4326"

      FILTER "pid={{ p.id }}"
      DEBUG 2
      DUMP true
      TYPE line
      STATUS on
      METADATA
       "wfs_title"     "{{ p.name }}"    # Short description
       "wms_title"     "{{ p.name }}"    # Short description
       "wms_include_items"  "all"               # Include all attributes
       "gml_featureid"  "{{ a.id }}"     # id is the primary key
       "gml_include_items"  "all"               # Include all attributes
       "wfs_abstract"       "{{ p.name }} Activity Track."
    END # DATA
    PROJECTION
      "init=epsg:4326"
    END # PROJECTION
    NAME "{{ p.name }}"
    CLASS
      NAME "{{ p.name }}"
      STYLE
        COLOR {{ r }} {{ g }} {{ b }}
      END # STYLE
    END # CLASS
  END # LAYER
  {% endfor %}
END # MAP

