MAP
  IMAGETYPE PNG24
  EXTENT -125.817514 28.649011  -88.417199 36.901181
  SIZE 1024 1024
  IMAGECOLOR 255 255 255
  NAME 'MBARI/USC Decision Support System'
  UNITS dd
  WEB
    IMAGEPATH "/tmp"
    METADATA
          "wfs_title"       "MBARI_USC_DSS"
          "wfs_onlineresource"   "http://stoqs.mbari.org/cgi-bin/mapserv?map=/tmp/stoqs.map&" # This line is wrapped.
          "wfs_srs"         "EPSG:4326 EPSG:900913 "  
          "wfs_abstract"    "MBARI/UCS Decision Support System data acquisition platform position and result management service."  # This line is wrapped.
          "wms_title"       "MBARI_USC_DSS"
          "wms_onlineresource"   "http://stoqs.mbari.org/cgi-bin/mapserv?map=/tmp/stoqs.map&" # This line is wrapped.
          "wms_srs"         "EPSG:4326 EPSG:900913 "  
          "wms_abstract"    "MBARI/UCS Decision Support System data acquisition platform position and result management service."  # This line is wrapped.
          "wms_feature_info_mime_type" "text/html"
        END # METADATA
  END # WEB
  PROJECTION
    "init=epsg:4326"
  END # PROJECTION
  LAYER
  CONNECTIONTYPE POSTGIS
  CONNECTION "host=localhost port=5432 user=mbari password=stoqs dbname=stoqs2"
  DATA "maptrack from stoqs_activity using unique id using srid=4326"
   TYPE line
   STATUS on
   DUMP true
   METADATA
    "wfs_title"     "Sample_Track" # Short description
    "wms_title"     "Sample_Track" # Short description
    "wms_include_items"  "all"        # Include all attributes
    "gml_featureid"  "id"     # id is the primary key
    "gml_include_items"  "all"        # Include all attributes
    "wfs_abstract"       "Sample Activity Track."
   END
   PROJECTION
      "init=epsg:4326"
   END # PROJECTION
  NAME "Sample_Track"
   CLASS
      NAME "Sample_Track"
      STYLE
         COLOR 255 0 0
      END # STYLE
   END # CLASS
  END # LAYER
END # MAP

